app/api/resume/upload/route.ts(87,61): error TS2322: Type 'Redis' is not assignable to type 'ConnectionOptions'.
  Type 'Redis' is not assignable to type 'ClusterOptions | Redis | Cluster'.
    Type 'import("C:/Users/vanit/Downloads/Job Scrapper/Job Scrapper/frontend/node_modules/ioredis/built/Redis").default' is not assignable to type 'import("C:/Users/vanit/Downloads/Job Scrapper/Job Scrapper/frontend/node_modules/bullmq/node_modules/ioredis/built/Redis").default'.
      Types of property 'options' are incompatible.
        Type 'import("C:/Users/vanit/Downloads/Job Scrapper/Job Scrapper/frontend/node_modules/ioredis/built/redis/RedisOptions").RedisOptions' is not assignable to type 'import("C:/Users/vanit/Downloads/Job Scrapper/Job Scrapper/frontend/node_modules/bullmq/node_modules/ioredis/built/redis/RedisOptions").RedisOptions'.
          Type 'RedisOptions' is not assignable to type 'CommonRedisOptions'.
            Types of property 'Connector' are incompatible.
              Type 'import("C:/Users/vanit/Downloads/Job Scrapper/Job Scrapper/frontend/node_modules/ioredis/built/connectors/ConnectorConstructor").default | undefined' is not assignable to type 'import("C:/Users/vanit/Downloads/Job Scrapper/Job Scrapper/frontend/node_modules/bullmq/node_modules/ioredis/built/connectors/ConnectorConstructor").default | undefined'.
                Type 'import("C:/Users/vanit/Downloads/Job Scrapper/Job Scrapper/frontend/node_modules/ioredis/built/connectors/ConnectorConstructor").default' is not assignable to type 'import("C:/Users/vanit/Downloads/Job Scrapper/Job Scrapper/frontend/node_modules/bullmq/node_modules/ioredis/built/connectors/ConnectorConstructor").default'.
                  Type 'import("C:/Users/vanit/Downloads/Job Scrapper/Job Scrapper/frontend/node_modules/ioredis/built/connectors/AbstractConnector").default' is not assignable to type 'import("C:/Users/vanit/Downloads/Job Scrapper/Job Scrapper/frontend/node_modules/bullmq/node_modules/ioredis/built/connectors/AbstractConnector").default'.
                    Property 'connecting' is protected but type 'AbstractConnector' is not a class derived from 'AbstractConnector'.
app/api/scrape/route.ts(10,49): error TS2322: Type 'Redis' is not assignable to type 'ConnectionOptions'.
  Type 'Redis' is not assignable to type 'ClusterOptions | Redis | Cluster'.
    Type 'import("C:/Users/vanit/Downloads/Job Scrapper/Job Scrapper/frontend/node_modules/ioredis/built/Redis").default' is not assignable to type 'import("C:/Users/vanit/Downloads/Job Scrapper/Job Scrapper/frontend/node_modules/bullmq/node_modules/ioredis/built/Redis").default'.
      Types of property 'options' are incompatible.
        Type 'import("C:/Users/vanit/Downloads/Job Scrapper/Job Scrapper/frontend/node_modules/ioredis/built/redis/RedisOptions").RedisOptions' is not assignable to type 'import("C:/Users/vanit/Downloads/Job Scrapper/Job Scrapper/frontend/node_modules/bullmq/node_modules/ioredis/built/redis/RedisOptions").RedisOptions'.
          Type 'RedisOptions' is not assignable to type 'CommonRedisOptions'.
            Types of property 'Connector' are incompatible.
              Type 'import("C:/Users/vanit/Downloads/Job Scrapper/Job Scrapper/frontend/node_modules/ioredis/built/connectors/ConnectorConstructor").default | undefined' is not assignable to type 'import("C:/Users/vanit/Downloads/Job Scrapper/Job Scrapper/frontend/node_modules/bullmq/node_modules/ioredis/built/connectors/ConnectorConstructor").default | undefined'.
                Type 'import("C:/Users/vanit/Downloads/Job Scrapper/Job Scrapper/frontend/node_modules/ioredis/built/connectors/ConnectorConstructor").default' is not assignable to type 'import("C:/Users/vanit/Downloads/Job Scrapper/Job Scrapper/frontend/node_modules/bullmq/node_modules/ioredis/built/connectors/ConnectorConstructor").default'.
                  Type 'import("C:/Users/vanit/Downloads/Job Scrapper/Job Scrapper/frontend/node_modules/ioredis/built/connectors/AbstractConnector").default' is not assignable to type 'import("C:/Users/vanit/Downloads/Job Scrapper/Job Scrapper/frontend/node_modules/bullmq/node_modules/ioredis/built/connectors/AbstractConnector").default'.
                    Property 'connecting' is protected but type 'AbstractConnector' is not a class derived from 'AbstractConnector'.
app/api/upload/route.ts(65,57): error TS2322: Type 'Redis' is not assignable to type 'ConnectionOptions'.
  Type 'Redis' is not assignable to type 'ClusterOptions | Redis | Cluster'.
    Type 'import("C:/Users/vanit/Downloads/Job Scrapper/Job Scrapper/frontend/node_modules/ioredis/built/Redis").default' is not assignable to type 'import("C:/Users/vanit/Downloads/Job Scrapper/Job Scrapper/frontend/node_modules/bullmq/node_modules/ioredis/built/Redis").default'.
      Types of property 'options' are incompatible.
        Type 'import("C:/Users/vanit/Downloads/Job Scrapper/Job Scrapper/frontend/node_modules/ioredis/built/redis/RedisOptions").RedisOptions' is not assignable to type 'import("C:/Users/vanit/Downloads/Job Scrapper/Job Scrapper/frontend/node_modules/bullmq/node_modules/ioredis/built/redis/RedisOptions").RedisOptions'.
          Type 'RedisOptions' is not assignable to type 'CommonRedisOptions'.
            Types of property 'Connector' are incompatible.
              Type 'import("C:/Users/vanit/Downloads/Job Scrapper/Job Scrapper/frontend/node_modules/ioredis/built/connectors/ConnectorConstructor").default | undefined' is not assignable to type 'import("C:/Users/vanit/Downloads/Job Scrapper/Job Scrapper/frontend/node_modules/bullmq/node_modules/ioredis/built/connectors/ConnectorConstructor").default | undefined'.
                Type 'import("C:/Users/vanit/Downloads/Job Scrapper/Job Scrapper/frontend/node_modules/ioredis/built/connectors/ConnectorConstructor").default' is not assignable to type 'import("C:/Users/vanit/Downloads/Job Scrapper/Job Scrapper/frontend/node_modules/bullmq/node_modules/ioredis/built/connectors/ConnectorConstructor").default'.
                  Type 'import("C:/Users/vanit/Downloads/Job Scrapper/Job Scrapper/frontend/node_modules/ioredis/built/connectors/AbstractConnector").default' is not assignable to type 'import("C:/Users/vanit/Downloads/Job Scrapper/Job Scrapper/frontend/node_modules/bullmq/node_modules/ioredis/built/connectors/AbstractConnector").default'.
                    Property 'connecting' is protected but type 'AbstractConnector' is not a class derived from 'AbstractConnector'.
components/ui/button.tsx(2,22): error TS2307: Cannot find module '@radix-ui/react-slot' or its corresponding type declarations.
components/ui/label.tsx(4,33): error TS2307: Cannot find module '@radix-ui/react-label' or its corresponding type declarations.
